// Jest Snapshot v1, https://goo.gl/fbAQLP

exports[`should match snapshot with default values 1`] = `
<div>
  <div
    data-testid="steps-mock"
  />
</div>
`;
